Godot Engine v4.7.2.stable.official.ed1daf0bf - https://godotengine.org
Vulkan 1.3.280 - Forward+ - Using Device #0: NVIDIA - NVIDIA GeForce RTX 3060

BIG_ROOM id=3 shape=5 scale=2.0 r=18.4 cells=968
BIG_ROOM id=6 shape=4 scale=2.5 r=29.2 cells=1425
BIG_ROOM id=9 shape=5 scale=3.0 r=27.2 cells=1908
ROOM_ENTER id=1 shape=4 scale=1.0 wave=false t=4.7
BUG_ROOM level=0 count=3 alive=2
CUTIN FULL BURST
ROOM_CLEAR 1/9 t=12.4 hp=5 id=118916908499
ROOM_ENTER id=4 shape=1 scale=1.0 wave=false t=16.6
BUG_ROOM level=1 count=4 alive=3
RELOAD begin t=21.338 f=1674
ROOM_CLEAR 2/9 t=22.3 hp=5 id=118916908499
ROOM_ENTER id=5 shape=2 scale=1.0 wave=false t=25.8
BUG_ROOM level=2 count=5 alive=3
RELOAD begin t=35.415 f=2595
RELOAD begin t=41.310 f=2960
ROOM_CLEAR 3/9 t=43.5 hp=4 id=118916908499
ROOM_ENTER id=9 shape=5 scale=3.0 wave=true t=48.2
RELOAD begin t=51.102 f=3571
RELOAD begin t=55.517 f=3850
