ERROR: Failed to open log file for writing: user://logs/godot.log
   at: rotate_file (core/io/logger.cpp:169)
Godot Engine v4.7.2.stable.official.ed1daf0bf - https://godotengine.org
Vulkan 1.4.329 - Forward+ - Using Device #0: NVIDIA - NVIDIA GeForce RTX 3070
ERROR: Can't create shader cache folder, no shader caching will happen: user://
   at: RendererCompositorRD (servers/rendering/renderer_rd/renderer_compositor_rd.cpp:337)

ERROR: Failed to read the root certificate store.
   at: get_system_ca_certificates (platform/windows/os_windows.cpp:2582)
UV_BAKE references/bg_claude_f01_current.png save=0
UV_BAKE references/bg_claude_f01_coverage.png save=0
UV_BAKE references/bg_claude_w01_current.png save=0
UV_BAKE references/bg_claude_w01_coverage.png save=0
UV_BAKE references/bg_claude_w01_half_current.png save=0
UV_BAKE references/bg_claude_w01_half_coverage.png save=0
UV_BAKE references/bg_claude_block_wall_current.png save=0
UV_BAKE references/bg_claude_block_wall_coverage.png save=0
UV_BAKE references/bg_claude_block_cover_current.png save=0
UV_BAKE references/bg_claude_block_cover_coverage.png save=0
UV_BAKE references/bg_claude_block_pillar_current.png save=0
UV_BAKE references/bg_claude_block_pillar_coverage.png save=0
UV_BAKE references/bg_claude_jamb_current.png save=0
UV_BAKE references/bg_claude_jamb_coverage.png save=0
UV_BAKE references/bg_claude_a01_current.png save=0
UV_BAKE references/bg_claude_a01_coverage.png save=0
UV_BAKE references/bg_claude_a02_current.png save=0
UV_BAKE references/bg_claude_a02_coverage.png save=0
UV_BAKE references/bg_claude_service_s01_vent_current.png save=0
UV_BAKE references/bg_claude_service_s01_vent_coverage.png save=0
UV_BAKE references/bg_claude_service_s02_tank_current.png save=0
UV_BAKE references/bg_claude_service_s02_tank_coverage.png save=0
UV_BAKE references/bg_claude_service_s03_pipe_current.png save=0
UV_BAKE references/bg_claude_service_s03_pipe_coverage.png save=0
UV_BAKE references/bg_claude_service_s04_elbow_current.png save=0
UV_BAKE references/bg_claude_service_s04_elbow_coverage.png save=0
UV_BAKE references/bg_claude_service_s05_column_current.png save=0
UV_BAKE references/bg_claude_service_s05_column_coverage.png save=0
UV_BAKE_COMPLETE count=14
