A bg_claude_f01 dV=0.0004 dS=0.0003 tinyUV=0.00%
B bg_claude_f01 dV=0.0000 dS=0.0001 tinyUV=0.00%
C bg_claude_f01 dV=-0.0002 dS=-0.0002 tinyUV=0.00%
A bg_claude_w01 dV=0.0005 dS=-0.0000 tinyUV=0.14%
B bg_claude_w01 dV=0.0006 dS=-0.0003 tinyUV=0.22%
C bg_claude_w01 dV=0.0009 dS=-0.0002 tinyUV=0.28%
A bg_claude_w01_half dV=0.0019 dS=-0.0001 tinyUV=0.52%
B bg_claude_w01_half dV=0.0013 dS=-0.0002 tinyUV=0.37%
C bg_claude_w01_half dV=0.0015 dS=-0.0002 tinyUV=0.43%
A bg_claude_block_wall dV=0.0006 dS=0.0001 tinyUV=0.18%
B bg_claude_block_wall dV=0.0015 dS=0.0000 tinyUV=0.42%
C bg_claude_block_wall dV=0.0006 dS=-0.0004 tinyUV=0.21%
A bg_claude_block_cover dV=0.0004 dS=-0.0001 tinyUV=0.10%
B bg_claude_block_cover dV=0.0002 dS=-0.0000 tinyUV=0.09%
C bg_claude_block_cover dV=0.0003 dS=-0.0003 tinyUV=0.12%
A bg_claude_block_pillar dV=0.0014 dS=-0.0002 tinyUV=0.34%
B bg_claude_block_pillar dV=0.0006 dS=-0.0000 tinyUV=0.14%
C bg_claude_block_pillar dV=0.0008 dS=-0.0005 tinyUV=0.28%
A bg_claude_jamb dV=0.0000 dS=-0.0004 tinyUV=0.03%
B bg_claude_jamb dV=0.0009 dS=-0.0003 tinyUV=0.29%
C bg_claude_jamb dV=0.0011 dS=-0.0000 tinyUV=0.31%
A bg_claude_a01 dV=0.0006 dS=-0.0002 tinyUV=0.21%
B bg_claude_a01 dV=0.0004 dS=-0.0001 tinyUV=0.17%
C bg_claude_a01 dV=0.0006 dS=-0.0002 tinyUV=0.19%
A bg_claude_a02 dV=0.0010 dS=-0.0001 tinyUV=0.30%
B bg_claude_a02 dV=0.0004 dS=-0.0003 tinyUV=0.10%
C bg_claude_a02 dV=0.0009 dS=-0.0004 tinyUV=0.29%
A bg_claude_service_s01_vent dV=0.0004 dS=-0.0003 tinyUV=0.23%
B bg_claude_service_s01_vent dV=0.0001 dS=-0.0000 tinyUV=0.10%
C bg_claude_service_s01_vent dV=0.0003 dS=-0.0003 tinyUV=0.26%
A bg_claude_service_s02_tank dV=0.0007 dS=0.0005 tinyUV=0.50%
B bg_claude_service_s02_tank dV=0.0005 dS=-0.0002 tinyUV=0.41%
C bg_claude_service_s02_tank dV=0.0003 dS=-0.0008 tinyUV=0.22%
A bg_claude_service_s03_pipe dV=0.0002 dS=-0.0000 tinyUV=0.21%
B bg_claude_service_s03_pipe dV=0.0004 dS=-0.0004 tinyUV=0.30%
C bg_claude_service_s03_pipe dV=0.0000 dS=-0.0005 tinyUV=0.09%
A bg_claude_service_s04_elbow dV=0.0005 dS=0.0004 tinyUV=0.38%
B bg_claude_service_s04_elbow dV=0.0006 dS=-0.0000 tinyUV=0.40%
C bg_claude_service_s04_elbow dV=0.0006 dS=0.0002 tinyUV=0.37%
A bg_claude_service_s05_column dV=0.0000 dS=-0.0005 tinyUV=0.02%
B bg_claude_service_s05_column dV=0.0005 dS=-0.0002 tinyUV=0.34%
C bg_claude_service_s05_column dV=0.0004 dS=0.0004 tinyUV=0.27%
