Godot Engine v4.7.2.stable.official.ed1daf0bf - https://godotengine.org
Vulkan 1.4.329 - Forward+ - Using Device #0: NVIDIA - NVIDIA GeForce RTX 3070

RUN_BEGIN seed=4
RUN_ENTER sector=0 level=1 kind=전투 id=1 hp=5
ROOM_ENTER id=0 shape=6 scale=1.0 wave=false t=1.1
CUTIN FULL BURST
PARRY ranged t=5.40 n=1 f=386
EVADE back t=6.08 Enemy
RELOAD begin t=10.614 f=718
PARRY ranged t=11.38 n=2 f=764
ROOM_CLEAR node=1 level=1 t=11.9 hp=5 coins=25
RUN_ENTER sector=0 level=2 kind=정비 id=4 hp=5
RUN_ENTER sector=0 level=3 kind=정비 id=6 hp=5
RUN_ENTER sector=0 level=4 kind=정비 id=8 hp=5
RUN_ENTER sector=0 level=5 kind=전투 id=11 hp=5
ROOM_ENTER id=0 shape=5 scale=1.0 wave=false t=1.1
PARRY ranged t=5.94 n=1 f=415
EVADE back t=8.27 Striker
PARRY ranged t=9.38 n=2 f=650
EVADE back t=10.04 Enemy
CUTIN PIERCE ×2
COMBO step=1 cut=0 FLASH hit=0 blocked=0 t=10.229 f=722
COMBO step=1 cut=1 FLASH hit=0 blocked=0 t=10.296 f=726
COMBO step=1 cut=2 FLASH hit=0 blocked=0 t=10.429 f=734
ROOM_CLEAR node=11 level=5 t=12.2 hp=4 coins=70
RUN_ENTER sector=0 level=6 kind=전투 id=13 hp=4
ROOM_ENTER id=0 shape=0 scale=1.0 wave=false t=1.1
RELOAD begin t=8.011 f=490
EVADE back t=8.58 Enemy
EVADE dash t=10.99 Enemy
CUTIN PIERCE ×2
DANGER_WARN t=15.44
RELOAD begin t=16.183 f=1076
ROOM_CLEAR node=13 level=6 t=20.3 hp=2 coins=120
RUN_ENTER sector=0 level=7 kind=보스 id=15 hp=2
BOSS_PATTERN volley phase=1 hp=792
RELOAD begin t=9.211 f=562
BOSS_PATTERN gatling phase=1 hp=755
RELOAD begin t=15.015 f=914
BOSS_PATTERN missiles phase=1 hp=716
RELOAD begin t=19.207 f=1211
BOSS_SHOCK near=0.7
BOSS_PATTERN gapring phase=1 hp=668
RELOAD begin t=24.214 f=1518
BOSS_PATTERN volley phase=1 hp=636
BOSS_SHOCK near=0.7
LOSE t=29.6
