Godot Engine v4.7.2.stable.official.ed1daf0bf - https://godotengine.org

ERROR: Failed to read the root certificate store.
   at: get_system_ca_certificates (platform/windows/os_windows.cpp:2582)
[   0% ] first_scan_filesystem | Started 프로젝트 초기화 (5 steps)
[   0% ] first_scan_filesystem | 파일 구조 스캔 중...
[  16% ] first_scan_filesystem | 전역 클래스 이름을 불러오는 중...
[  33% ] first_scan_filesystem | GDExtensions 검증 중...
[  50% ] first_scan_filesystem | 오토로드 스크립트를 만드는 중...
[  66% ] first_scan_filesystem | 플러그인을 초기화 중...
[  83% ] first_scan_filesystem | 파일 스캔 시작 중...
[ DONE ] first_scan_filesystem

[   0% ] reimport | Started 애셋 (다시) 가져오는 중 (1 steps)
[   0% ] reimport | 다시 가져올 파일을 준비 중...
[   0% ] reimport | 다시 가져오기 전 작업을 수행 중...
[   0% ] reimport | ARCO.ttf
ERROR: Can't open file from path 'res://assets/fonts/ARCO.ttf'.
   at: get_file_as_bytes (core/io/file_access.cpp:907)
[  50% ] reimport | 애셋 가져오기 마무리 중...
[ DONE ] reimport

[   0% ] reimport | Started 애셋 (다시) 가져오는 중 (1 steps)
[   0% ] reimport | 다시 가져오기 후 작업을 수행 중...
[ DONE ] reimport

[   0% ] loading_editor_layout | Started 편집기를 불러오는 중 (5 steps)
[   0% ] loading_editor_layout | 편집기 레이아웃을 불러오는 중...
[  16% ] loading_editor_layout | 독을 불러오는 중...
[ DONE ] loading_editor_layout

ERROR: Cannot save file 'C:/Users/vnvnc/AppData/Roaming/Godot/editor_settings-4.7.tres'.
   at: save (scene/resources/resource_format_text.cpp:1768)
ERROR: Error saving editor settings to C:/Users/vnvnc/AppData/Roaming/Godot/editor_settings-4.7.tres
   at: save (editor/settings/editor_settings.cpp:1525)
