Godot Engine v4.7.2.stable.official.ed1daf0bf - https://godotengine.org
Vulkan 1.3.280 - Forward+ - Using Device #0: NVIDIA - NVIDIA GeForce RTX 3060

BIG_ROOM id=3 shape=5 scale=2.0 r=18.4 cells=968
BIG_ROOM id=6 shape=4 scale=2.5 r=29.2 cells=1425
BIG_ROOM id=9 shape=5 scale=3.0 r=27.2 cells=1908
ROOM_ENTER id=1 shape=4 scale=1.0 wave=false t=4.7
BUG_ROOM level=0 count=3 alive=2
ERROR: Can't save PNG at path: 'res://_capture/round_skill_hud_bot_final/f_0001.png'.
   at: save_image (drivers/png/resource_saver_png.cpp:56)
   GDScript backtrace (most recent call first):
       [0] _capture (res://scripts/main.gd:1036)
       [1] _process (res://scripts/main.gd:1004)
ERROR: Can't save PNG at path: 'res://_capture/round_skill_hud_bot_final/f_0002.png'.
   at: save_image (drivers/png/resource_saver_png.cpp:56)
   GDScript backtrace (most recent call first):
       [0] _capture (res://scripts/main.gd:1036)
       [1] _process (res://scripts/main.gd:1004)
CUTIN FULL BURST
ERROR: Can't save PNG at path: 'res://_capture/round_skill_hud_bot_final/f_0003.png'.
   at: save_image (drivers/png/resource_saver_png.cpp:56)
   GDScript backtrace (most recent call first):
       [0] _capture (res://scripts/main.gd:1036)
       [1] _process (res://scripts/main.gd:1004)
RELOAD begin t=16.351 f=1166
ERROR: Can't save PNG at path: 'res://_capture/round_skill_hud_bot_final/f_0004.png'.
   at: save_image (drivers/png/resource_saver_png.cpp:56)
   GDScript backtrace (most recent call first):
       [0] _capture (res://scripts/main.gd:1036)
       [1] _process (res://scripts/main.gd:1004)
ROOM_CLEAR 1/9 t=20.0 hp=5 id=112105358803
