Godot Engine v4.7.2.stable.official.ed1daf0bf - https://godotengine.org

[   0% ] first_scan_filesystem | Started 프로젝트 초기화 (5 steps)
[   0% ] first_scan_filesystem | 파일 구조 스캔 중...
[  16% ] first_scan_filesystem | 전역 클래스 이름을 불러오는 중...
[  33% ] first_scan_filesystem | GDExtensions 검증 중...
[  50% ] first_scan_filesystem | 오토로드 스크립트를 만드는 중...
[  66% ] first_scan_filesystem | 플러그인을 초기화 중...
[  83% ] first_scan_filesystem | 파일 스캔 시작 중...
[ DONE ] first_scan_filesystem

[   0% ] update_scripts_classes | Started 전역 클래스를 등록하는 중... (7 steps)
[   0% ] update_scripts_classes | DroneHud
[  12% ] update_scripts_classes | HudPresets
[  25% ] update_scripts_classes | RoundSkillDock
[  37% ] update_scripts_classes | TrainingMain
[  50% ] update_scripts_classes | ComboPresets
[  62% ] update_scripts_classes | SwordCombo
[  75% ] update_scripts_classes | 
[ DONE ] update_scripts_classes

[   0% ] loading_editor_layout | Started 편집기를 불러오는 중 (5 steps)
[   0% ] loading_editor_layout | 편집기 레이아웃을 불러오는 중...
[  16% ] loading_editor_layout | 독을 불러오는 중...
[ DONE ] loading_editor_layout

