Godot Engine v4.7.2.stable.official.ed1daf0bf - https://godotengine.org
Vulkan 1.4.329 - Forward+ - Using Device #0: NVIDIA - NVIDIA GeForce RTX 3070

INSECT_LAB ready ant+grub studio=false
INSECT ANT WINDUP t=1.68
INSECT GRUB WINDUP t=2.03
INSECT ANT ATTACK t=2.27
INSECT ANT RECOVER t=2.55
INSECT GRUB ATTACK t=2.88
INSECT ANT CHASE t=3.20
INSECT GRUB RECOVER t=3.32
INSECT GRUB CHASE t=3.97
INSECT ANT WINDUP t=4.10
INSECT ANT ATTACK t=4.68
INSECT ANT RECOVER t=4.97
INSECT GRUB WINDUP t=5.37
INSECT ANT CHASE t=5.62
INSECT GRUB RECOVER t=5.97
PARRY melee t=5.97 n=1 f=357
INSECT ANT RECOVER t=6.16
INSECT ANT RECOVER t=6.26
INSECT ANT RECOVER t=6.36
INSECT ANT RECOVER t=6.57
INSECT ANT RECOVER t=6.79
INSECT ANT RECOVER t=7.11
INSECT ANT RECOVER t=7.21
INSECT ANT RECOVER t=7.31
INSECT ANT RECOVER t=7.42
INSECT GRUB RECOVER t=7.52
INSECT GRUB RECOVER t=7.64
INSECT GRUB RECOVER t=7.74
INSECT GRUB RECOVER t=7.86
INSECT GRUB RECOVER t=7.97
INSECT GRUB RECOVER t=8.20
INSECT GRUB RECOVER t=8.30
INSECT GRUB RECOVER t=8.41
RELOAD begin t=9.029 f=550
INSECT GRUB CHASE t=9.38
INSECT GRUB RECOVER t=10.98
INSECT GRUB RECOVER t=11.38
INSECT GRUB CHASE t=12.35
INSECT GRUB RECOVER t=13.03
RELOAD begin t=13.784 f=840
INSECT ANT RECOVER t=0.82
INSECT ANT CHASE t=1.79
INSECT ANT WINDUP t=3.95
INSECT ANT ATTACK t=4.54
INSECT ANT RECOVER t=4.82
INSECT ANT CHASE t=5.47
INSECT ANT WINDUP t=6.37
INSECT ANT RECOVER t=6.70
PARRY melee t=19.83 n=2 f=1203
INSECT GRUB RECOVER t=7.32
INSECT GRUB RECOVER t=7.44
INSECT GRUB RECOVER t=7.54
INSECT GRUB RECOVER t=7.66
INSECT GRUB RECOVER t=7.77
INSECT GRUB RECOVER t=7.89
INSECT GRUB RECOVER t=8.01
INSECT GRUB RECOVER t=8.14
INSECT GRUB RECOVER t=8.26
INSECT GRUB RECOVER t=8.61
INSECT GRUB RECOVER t=8.71
INSECT GRUB CHASE t=9.68
RELOAD begin t=22.874 f=1395
INSECT GRUB RECOVER t=11.29
INSECT GRUB RECOVER t=11.39
INSECT GRUB CHASE t=12.36
INSECT GRUB RECOVER t=12.79
INSECT GRUB CHASE t=13.76
RELOAD begin t=27.024 f=1644
INSECT GRUB RECOVER t=13.98
INSECT GRUB CHASE t=14.94
